<?xml version="1.0" encoding="utf-8"?><testsuites><testsuite name="pytest" errors="0" failures="0" skipped="0" tests="22" time="2.494" timestamp="2025-07-19T15:03:37.234729" hostname="Philipes-MacBook-Pro.local"><testcase classname="tests.test_data.TestImagePreprocessor" name="test_init" time="1.303" /><testcase classname="tests.test_data.TestImagePreprocessor" name="test_load_image" time="0.010" /><testcase classname="tests.test_data.TestImagePreprocessor" name="test_load_nonexistent_image" time="0.000" /><testcase classname="tests.test_data.TestImagePreprocessor" name="test_assess_image_quality" time="0.001" /><testcase classname="tests.test_data.TestImagePreprocessor" name="test_resize_image" time="0.001" /><testcase classname="tests.test_data.TestImagePreprocessor" name="test_normalize_pixels" time="0.016" /><testcase classname="tests.test_data.TestRetinaDataset" name="test_init_from_directory" time="0.006" /><testcase classname="tests.test_data.TestRetinaDataset" name="test_getitem" time="0.017" /><testcase classname="tests.test_data.TestRetinaDataset" name="test_len" time="0.004" /><testcase classname="tests.test_data.TestRetinaDataset" name="test_get_class_weights" time="0.004" /><testcase classname="tests.test_data.TestRetinaDataset" name="test_get_dataset_stats" time="0.005" /><testcase classname="tests.test_data.TestConfigValidation" name="test_config_file_exists" time="0.000" /><testcase classname="tests.test_data.TestConfigValidation" name="test_pyproject_toml_exists" time="0.000" /><testcase classname="tests.test_data.TestProjectStructure" name="test_source_directory_structure" time="0.000" /><testcase classname="tests.test_data.TestProjectStructure" name="test_data_directory_structure" time="0.000" /><testcase classname="tests.test_data.TestProjectStructure" name="test_tests_directory_exists" time="0.000" /><testcase classname="tests.test_data.TestProjectStructure" name="test_docs_directory_exists" time="0.000" /><testcase classname="tests.test_data.TestDocumentation" name="test_readme_exists" time="0.000" /><testcase classname="tests.test_data.TestDocumentation" name="test_contributing_guide_exists" time="0.000" /><testcase classname="tests.test_data.TestDocumentation" name="test_license_exists" time="0.000" /><testcase classname="tests.test_data.TestIntegration" name="test_end_to_end_preprocessing" time="0.083" /><testcase classname="tests.test_data.TestIntegration" name="test_dataset_preprocessing_integration" time="0.007" /></testsuite></testsuites>